2025-10-31 14:24:57,102 - TwitchViewbot - ERROR - Unexpected error: 
2025-10-31 14:30:21,140 - TwitchViewbot - ERROR - Unexpected error: 
2025-10-31 14:30:39,851 - TwitchViewbot - INFO - Setting up anonymous mode...
2025-10-31 14:30:39,979 - TwitchViewbot - INFO - Anonymous mode setup complete
2025-10-31 14:30:46,993 - TwitchViewbot - INFO - Getting info for channel: 4inchdoc
2025-10-31 14:30:47,110 - TwitchViewbot - INFO - Channel: 4InchDoc (4inchdoc)
2025-10-31 14:30:47,111 - TwitchViewbot - INFO - Stream: Arc Raiders - First time playing since the Server slam. Come by and say hi.
2025-10-31 14:30:47,111 - TwitchViewbot - INFO - Game: ARC Raiders
2025-10-31 14:30:47,111 - TwitchViewbot - INFO - Viewers: 1
2025-10-31 14:30:47,111 - TwitchViewbot - INFO - Started watching 4inchdoc
2025-10-31 14:32:14,273 - TwitchViewbot - INFO - Watch loop cancelled
2025-10-31 14:32:14,273 - TwitchViewbot - INFO - Stopped watching 4inchdoc
2025-10-31 14:36:03,708 - TwitchViewbot - INFO - Using proxy: brd.superproxy.io:22225
2025-10-31 14:36:03,708 - TwitchViewbot - INFO - Setting up anonymous mode...
2025-10-31 14:36:05,063 - TwitchViewbot - ERROR - Unexpected error: 403, message='Forbidden', url='http://brd-customer-hl_55d1956a-zone-data_center:rdegdwnxa97a@brd.superproxy.io:22225'
2025-10-31 14:47:09,678 - TwitchViewbot - INFO - Setting up anonymous mode...
2025-10-31 14:47:09,678 - TwitchViewbot - INFO - Attempting to get device ID from https://www.twitch.tv
2025-10-31 14:47:09,833 - TwitchViewbot - INFO - Response status: 200
2025-10-31 14:47:09,838 - TwitchViewbot - INFO - Anonymous mode setup complete
2025-10-31 14:47:19,993 - TwitchViewbot - INFO - Getting info for channel: 4inchdoc
2025-10-31 14:47:20,107 - TwitchViewbot - INFO - Channel: 4InchDoc (4inchdoc)
2025-10-31 14:47:20,107 - TwitchViewbot - INFO - Stream: Arc Raiders - First time playing since the Server slam. Come by and say hi.
2025-10-31 14:47:20,107 - TwitchViewbot - INFO - Game: ARC Raiders
2025-10-31 14:47:20,107 - TwitchViewbot - INFO - Viewers: 1
2025-10-31 14:47:20,108 - TwitchViewbot - INFO - Started watching 4inchdoc
2025-10-31 14:47:37,537 - TwitchViewbot - INFO - Watch loop cancelled
2025-10-31 14:47:37,537 - TwitchViewbot - INFO - Stopped watching 4inchdoc
2025-10-31 15:46:15,831 - TwitchViewbot - INFO - Setting up anonymous mode...
2025-10-31 15:46:15,831 - TwitchViewbot - INFO - Attempting to get device ID from https://www.twitch.tv
2025-10-31 15:46:15,956 - TwitchViewbot - INFO - Response status: 200
2025-10-31 15:46:15,960 - TwitchViewbot - INFO - Anonymous mode setup complete
2025-10-31 15:46:15,960 - TwitchViewbot - INFO - Getting info for channel: pumpknn
2025-10-31 15:46:23,088 - TwitchViewbot - INFO - Setting up anonymous mode...
2025-10-31 15:46:23,088 - TwitchViewbot - INFO - Attempting to get device ID from https://www.twitch.tv
2025-10-31 15:46:23,151 - TwitchViewbot - INFO - Response status: 200
2025-10-31 15:46:23,155 - TwitchViewbot - INFO - Anonymous mode setup complete
2025-10-31 15:46:23,156 - TwitchViewbot - INFO - Getting info for channel: pumpknnn
2025-10-31 15:46:44,657 - TwitchViewbot - INFO - Watch loop cancelled
2025-10-31 15:46:44,657 - TwitchViewbot - INFO - Stopped watching pumpknnn
2025-10-31 15:48:29,763 - TwitchViewbot - INFO - Setting up anonymous mode...
2025-10-31 15:48:29,764 - TwitchViewbot - INFO - Attempting to get device ID from https://www.twitch.tv
2025-10-31 15:48:29,826 - TwitchViewbot - INFO - Response status: 200
2025-10-31 15:48:29,830 - TwitchViewbot - INFO - Anonymous mode setup complete
2025-10-31 15:48:29,831 - TwitchViewbot - INFO - Getting info for channel: pumpknnn
2025-10-31 15:48:40,284 - TwitchViewbot - INFO - Watch loop cancelled
2025-10-31 15:48:40,285 - TwitchViewbot - INFO - Stopped watching pumpknnn
2025-10-31 15:52:09,267 - TwitchViewbot - INFO - Setting up anonymous mode...
2025-10-31 15:52:09,267 - TwitchViewbot - INFO - Attempting to get device ID from https://www.twitch.tv
2025-10-31 15:52:09,456 - TwitchViewbot - INFO - Response status: 200
2025-10-31 15:52:09,460 - TwitchViewbot - INFO - Anonymous mode setup complete
2025-10-31 15:52:09,460 - TwitchViewbot - INFO - Getting info for channel: pumpknnn
2025-10-31 15:52:31,822 - TwitchViewbot - INFO - Watch loop cancelled
2025-10-31 15:52:31,823 - TwitchViewbot - INFO - Stopped watching pumpknnn
2025-10-31 15:52:44,267 - TwitchViewbot - INFO - Setting up anonymous mode...
2025-10-31 15:52:44,267 - TwitchViewbot - INFO - Attempting to get device ID from https://www.twitch.tv
2025-10-31 15:52:44,328 - TwitchViewbot - INFO - Response status: 200
2025-10-31 15:52:44,332 - TwitchViewbot - INFO - Anonymous mode setup complete
2025-10-31 15:52:44,332 - TwitchViewbot - INFO - Getting info for channel: kushina4200
2025-10-31 15:53:16,380 - TwitchViewbot - INFO - Watch loop cancelled
2025-10-31 15:53:16,380 - TwitchViewbot - INFO - Stopped watching kushina4200
2025-10-31 15:53:21,003 - TwitchViewbot - INFO - Using proxy: brd.superproxy.io:22225
2025-10-31 15:53:21,003 - TwitchViewbot - INFO - Testing proxy connection...
2025-10-31 15:53:22,757 - TwitchViewbot - INFO - [OK] Proxy test successful! External IP: 88.214.0.143
2025-10-31 15:53:24,601 - TwitchViewbot - INFO - Setting up anonymous mode...
2025-10-31 15:53:24,601 - TwitchViewbot - INFO - Attempting to get device ID from https://www.twitch.tv
2025-10-31 15:53:24,601 - TwitchViewbot - INFO - Using proxy: http://brd-customer-hl_55d1956a-zone-data_center:rdegdwnxa97a@brd.superproxy.io:22225
2025-10-31 15:53:25,763 - TwitchViewbot - ERROR - Proxy connection failed. You can try:
2025-10-31 15:53:25,764 - TwitchViewbot - ERROR - 1. Check if proxy credentials are correct
2025-10-31 15:53:25,764 - TwitchViewbot - ERROR - 2. Test without proxy: python main.py -a
2025-10-31 15:53:25,764 - TwitchViewbot - ERROR - 3. Try a different proxy server
2025-10-31 15:53:25,764 - TwitchViewbot - INFO - Attempting to continue without proxy...
2025-10-31 15:53:25,764 - TwitchViewbot - INFO - Attempting to get device ID from https://www.twitch.tv
2025-10-31 15:53:25,830 - TwitchViewbot - INFO - Response status: 200
2025-10-31 15:53:25,833 - TwitchViewbot - INFO - Anonymous mode setup complete
2025-10-31 15:53:25,833 - TwitchViewbot - INFO - Getting info for channel: kushina4200
2025-10-31 15:54:30,740 - TwitchViewbot - INFO - Watch loop cancelled
2025-10-31 15:54:30,740 - TwitchViewbot - INFO - Stopped watching kushina4200
2025-10-31 15:54:41,258 - TwitchViewbot - INFO - Using proxy: brd.superproxy.io:33335
2025-10-31 15:54:41,258 - TwitchViewbot - INFO - Testing proxy connection...
2025-10-31 15:54:42,613 - TwitchViewbot - ERROR - [FAIL] Proxy test failed: HTTP 407
2025-10-31 15:54:58,509 - TwitchViewbot - ERROR - Unexpected error: 
2025-10-31 16:02:32,411 - TwitchViewbot - INFO - Using proxy: gate.decodo.com:10001
2025-10-31 16:02:32,411 - TwitchViewbot - INFO - Testing proxy connection...
2025-10-31 16:02:33,148 - TwitchViewbot - INFO - [OK] Proxy test successful! External IP: 200.63.104.5
2025-10-31 16:02:33,947 - TwitchViewbot - INFO - Setting up anonymous mode...
2025-10-31 16:02:33,947 - TwitchViewbot - INFO - Attempting to get device ID from https://www.twitch.tv
2025-10-31 16:02:33,947 - TwitchViewbot - INFO - Using proxy: http://sp8wy1u6iq:w6agoXsA7=TdqpE91f@gate.decodo.com:10001
2025-10-31 16:02:34,020 - TwitchViewbot - ERROR - Proxy connection failed. You can try:
2025-10-31 16:02:34,020 - TwitchViewbot - ERROR - 1. Check if proxy credentials are correct
2025-10-31 16:02:34,021 - TwitchViewbot - ERROR - 2. Test without proxy: python main.py -a
2025-10-31 16:02:34,021 - TwitchViewbot - ERROR - 3. Try a different proxy server
2025-10-31 16:02:34,021 - TwitchViewbot - INFO - Attempting to continue without proxy...
2025-10-31 16:02:34,021 - TwitchViewbot - INFO - Attempting to get device ID from https://www.twitch.tv
2025-10-31 16:02:34,189 - TwitchViewbot - INFO - Response status: 200
2025-10-31 16:02:34,192 - TwitchViewbot - INFO - Anonymous mode setup complete
2025-10-31 16:02:34,193 - TwitchViewbot - INFO - Getting info for channel: kushina4200
2025-10-31 16:03:01,404 - TwitchViewbot - INFO - Watch loop cancelled
2025-10-31 16:03:01,404 - TwitchViewbot - INFO - Stopped watching kushina4200
2025-10-31 16:20:51,297 - TwitchViewbot - INFO - Using proxy: brd.superproxy.io:33335
2025-10-31 16:20:51,297 - TwitchViewbot - INFO - Testing proxy connection...
2025-10-31 16:20:52,502 - TwitchViewbot - INFO - [OK] Proxy test successful! External IP: rf404341680a789729b4d30cf93cce390
2025-10-31 16:20:54,321 - TwitchViewbot - INFO - Setting up anonymous mode...
2025-10-31 16:20:54,321 - TwitchViewbot - INFO - Attempting to get device ID from https://www.twitch.tv
2025-10-31 16:20:54,321 - TwitchViewbot - INFO - Using proxy: http://brd-customer-hl_55d1956a-zone-unblocker:rtdh72gvzi7j@brd.superproxy.io:33335
2025-10-31 16:20:55,479 - TwitchViewbot - ERROR - Proxy connection failed. You can try:
2025-10-31 16:20:55,479 - TwitchViewbot - ERROR - 1. Check if proxy credentials are correct
2025-10-31 16:20:55,479 - TwitchViewbot - ERROR - 2. Test without proxy: python main.py -a
2025-10-31 16:20:55,479 - TwitchViewbot - ERROR - 3. Try a different proxy server
2025-10-31 16:20:55,479 - TwitchViewbot - INFO - Attempting to continue without proxy...
2025-10-31 16:20:55,479 - TwitchViewbot - INFO - Attempting to get device ID from https://www.twitch.tv
2025-10-31 16:20:55,666 - TwitchViewbot - INFO - Response status: 200
2025-10-31 16:20:55,671 - TwitchViewbot - INFO - Anonymous mode setup complete
2025-10-31 16:20:55,672 - TwitchViewbot - INFO - Getting info for channel: kushina4200
2025-10-31 16:22:04,905 - TwitchViewbot - INFO - Watch loop cancelled
2025-10-31 16:22:04,905 - TwitchViewbot - INFO - Stopped watching kushina4200
2025-10-31 16:22:14,349 - TwitchViewbot - INFO - Using proxy: brd.superproxy.io:33335
2025-10-31 16:22:14,349 - TwitchViewbot - INFO - Testing proxy connection...
2025-10-31 16:22:16,101 - TwitchViewbot - INFO - [OK] Proxy test successful! External IP: ree64e9cb6b8ee5e8f413e66657904043
2025-10-31 16:22:21,917 - TwitchViewbot - INFO - Setting up anonymous mode...
2025-10-31 16:22:21,917 - TwitchViewbot - INFO - Attempting to get device ID from https://www.twitch.tv
2025-10-31 16:22:21,917 - TwitchViewbot - INFO - Using proxy: http://brd-customer-hl_55d1956a-zone-unblocker:rtdh72gvzi7j@brd.superproxy.io:33335
2025-10-31 16:22:23,175 - TwitchViewbot - ERROR - Proxy connection failed. You can try:
2025-10-31 16:22:23,176 - TwitchViewbot - ERROR - 1. Check if proxy credentials are correct
2025-10-31 16:22:23,176 - TwitchViewbot - ERROR - 2. Test without proxy: python main.py -a
2025-10-31 16:22:23,176 - TwitchViewbot - ERROR - 3. Try a different proxy server
2025-10-31 16:22:23,176 - TwitchViewbot - INFO - Attempting to continue without proxy...
2025-10-31 16:22:23,176 - TwitchViewbot - INFO - Attempting to get device ID from https://www.twitch.tv
2025-10-31 16:22:23,252 - TwitchViewbot - INFO - Response status: 200
2025-10-31 16:22:23,278 - TwitchViewbot - INFO - Anonymous mode setup complete
2025-10-31 16:22:23,279 - TwitchViewbot - INFO - Setting up anonymous mode...
2025-10-31 16:22:23,279 - TwitchViewbot - INFO - Attempting to get device ID from https://www.twitch.tv
2025-10-31 16:22:23,279 - TwitchViewbot - INFO - Using proxy: http://brd-customer-hl_55d1956a-zone-unblocker:rtdh72gvzi7j@brd.superproxy.io:33335
2025-10-31 16:22:24,443 - TwitchViewbot - ERROR - Proxy connection failed. You can try:
2025-10-31 16:22:24,444 - TwitchViewbot - ERROR - 1. Check if proxy credentials are correct
2025-10-31 16:22:24,444 - TwitchViewbot - ERROR - 2. Test without proxy: python main.py -a
2025-10-31 16:22:24,444 - TwitchViewbot - ERROR - 3. Try a different proxy server
2025-10-31 16:22:24,444 - TwitchViewbot - INFO - Attempting to continue without proxy...
2025-10-31 16:22:24,445 - TwitchViewbot - INFO - Attempting to get device ID from https://www.twitch.tv
2025-10-31 16:22:24,513 - TwitchViewbot - INFO - Response status: 200
2025-10-31 16:22:24,518 - TwitchViewbot - INFO - Anonymous mode setup complete
2025-10-31 16:22:24,519 - TwitchViewbot - INFO - Setting up anonymous mode...
2025-10-31 16:22:24,519 - TwitchViewbot - INFO - Attempting to get device ID from https://www.twitch.tv
2025-10-31 16:22:24,519 - TwitchViewbot - INFO - Using proxy: http://brd-customer-hl_55d1956a-zone-unblocker:rtdh72gvzi7j@brd.superproxy.io:33335
2025-10-31 16:22:25,697 - TwitchViewbot - ERROR - Proxy connection failed. You can try:
2025-10-31 16:22:25,698 - TwitchViewbot - ERROR - 1. Check if proxy credentials are correct
2025-10-31 16:22:25,698 - TwitchViewbot - ERROR - 2. Test without proxy: python main.py -a
2025-10-31 16:22:25,698 - TwitchViewbot - ERROR - 3. Try a different proxy server
2025-10-31 16:22:25,698 - TwitchViewbot - INFO - Attempting to continue without proxy...
2025-10-31 16:22:25,698 - TwitchViewbot - INFO - Attempting to get device ID from https://www.twitch.tv
2025-10-31 16:22:25,763 - TwitchViewbot - INFO - Response status: 200
2025-10-31 16:22:25,766 - TwitchViewbot - INFO - Anonymous mode setup complete
2025-10-31 16:22:25,767 - TwitchViewbot - INFO - Getting info for channel: kushina4200
2025-10-31 16:23:23,823 - TwitchViewbot - INFO - Watch loop cancelled
2025-10-31 16:23:23,824 - TwitchViewbot - INFO - Watch loop cancelled
2025-10-31 16:23:23,825 - TwitchViewbot - INFO - Watch loop cancelled
2025-10-31 16:23:23,837 - asyncio - ERROR - Unclosed client session
client_session: <aiohttp.client.ClientSession object at 0x0000026E1E39BCE0>
2025-10-31 16:23:23,837 - asyncio - ERROR - Unclosed client session
client_session: <aiohttp.client.ClientSession object at 0x0000026E216E3F80>
2025-10-31 16:23:23,837 - asyncio - ERROR - Unclosed client session
client_session: <aiohttp.client.ClientSession object at 0x0000026E21706F60>
